+ cd /scratch/network/cr7998/cv_emergence_project
+ mkdir -p logs
+ mkdir -p checkpoints_cbm
+ mkdir -p results
+ mkdir -p results/probes
+ module load anaconda3/2025.6
+ local _mlredir=1
+ '[' -n '' ']'
+ case " $@ " in
+ '[' 1 -eq 0 ']'
+ _module_raw load anaconda3/2025.6
++ /usr/bin/tclsh /usr/share/Modules/libexec/modulecmd.tcl bash load anaconda3/2025.6
+ eval ''
+ _mlstatus=0
+ return 0
+ conda activate cubvision-gpu
+ local cmd=activate
+ case "$cmd" in
+ __conda_activate activate cubvision-gpu
+ '[' -n '' ']'
+ local ask_conda
++ PS1=
++ __conda_exe shell.posix activate cubvision-gpu
++ /usr/licensed/anaconda3/2025.6/bin/conda shell.posix activate cubvision-gpu
+ ask_conda='. "/home/cr7998/.conda/envs/cubvision-gpu/etc/conda/deactivate.d/libglib_deactivate.sh"
. "/home/cr7998/.conda/envs/cubvision-gpu/etc/conda/deactivate.d/deactivate.sh"
unset _CE_M
unset _CE_CONDA
PS1='\''(cubvision-gpu) '\''
export PATH='\''/home/cr7998/.conda/envs/cubvision-gpu/bin:/usr/licensed/anaconda3/2025.6/condabin:/usr/lib/code-server/lib/vscode/bin/remote-cli:/home/cr7998/.local/bin:/home/cr7998/bin:/usr/share/Modules/bin:/usr/local/bin:/usr/bin:/usr/local/sbin:/usr/sbin:/bin:/opt/puppetlabs/bin:/opt/dell/srvadmin/bin:/home/cr7998/.local/share/code-server/extensions/ms-python.debugpy-2025.14.1-linux-x64/bundled/scripts/noConfigScripts'\''
export CONDA_SHLVL='\''2'\''
export CONDA_PROMPT_MODIFIER='\''(cubvision-gpu) '\''
export CONDA_EXE='\''/usr/licensed/anaconda3/2025.6/bin/conda'\''
export CONDA_PYTHON_EXE='\''/usr/licensed/anaconda3/2025.6/bin/python'\''
. "/home/cr7998/.conda/envs/cubvision-gpu/etc/conda/activate.d/activate.sh"
. "/home/cr7998/.conda/envs/cubvision-gpu/etc/conda/activate.d/libglib_activate.sh"'
+ eval '. "/home/cr7998/.conda/envs/cubvision-gpu/etc/conda/deactivate.d/libglib_deactivate.sh"
. "/home/cr7998/.conda/envs/cubvision-gpu/etc/conda/deactivate.d/deactivate.sh"
unset _CE_M
unset _CE_CONDA
PS1='\''(cubvision-gpu) '\''
export PATH='\''/home/cr7998/.conda/envs/cubvision-gpu/bin:/usr/licensed/anaconda3/2025.6/condabin:/usr/lib/code-server/lib/vscode/bin/remote-cli:/home/cr7998/.local/bin:/home/cr7998/bin:/usr/share/Modules/bin:/usr/local/bin:/usr/bin:/usr/local/sbin:/usr/sbin:/bin:/opt/puppetlabs/bin:/opt/dell/srvadmin/bin:/home/cr7998/.local/share/code-server/extensions/ms-python.debugpy-2025.14.1-linux-x64/bundled/scripts/noConfigScripts'\''
export CONDA_SHLVL='\''2'\''
export CONDA_PROMPT_MODIFIER='\''(cubvision-gpu) '\''
export CONDA_EXE='\''/usr/licensed/anaconda3/2025.6/bin/conda'\''
export CONDA_PYTHON_EXE='\''/usr/licensed/anaconda3/2025.6/bin/python'\''
. "/home/cr7998/.conda/envs/cubvision-gpu/etc/conda/activate.d/activate.sh"
. "/home/cr7998/.conda/envs/cubvision-gpu/etc/conda/activate.d/libglib_activate.sh"'
++ . /home/cr7998/.conda/envs/cubvision-gpu/etc/conda/deactivate.d/libglib_deactivate.sh
+++ export GSETTINGS_SCHEMA_DIR=
+++ GSETTINGS_SCHEMA_DIR=
+++ unset GSETTINGS_SCHEMA_DIR_CONDA_BACKUP
+++ '[' -z ']'
+++ unset GSETTINGS_SCHEMA_DIR
++ . /home/cr7998/.conda/envs/cubvision-gpu/etc/conda/deactivate.d/deactivate.sh
+++ unset __EGL_VENDOR_LIBRARY_DIRS
++ unset _CE_M
++ unset _CE_CONDA
++ PS1='(cubvision-gpu) '
++ export PATH=/home/cr7998/.conda/envs/cubvision-gpu/bin:/usr/licensed/anaconda3/2025.6/condabin:/usr/lib/code-server/lib/vscode/bin/remote-cli:/home/cr7998/.local/bin:/home/cr7998/bin:/usr/share/Modules/bin:/usr/local/bin:/usr/bin:/usr/local/sbin:/usr/sbin:/bin:/opt/puppetlabs/bin:/opt/dell/srvadmin/bin:/home/cr7998/.local/share/code-server/extensions/ms-python.debugpy-2025.14.1-linux-x64/bundled/scripts/noConfigScripts
++ PATH=/home/cr7998/.conda/envs/cubvision-gpu/bin:/usr/licensed/anaconda3/2025.6/condabin:/usr/lib/code-server/lib/vscode/bin/remote-cli:/home/cr7998/.local/bin:/home/cr7998/bin:/usr/share/Modules/bin:/usr/local/bin:/usr/bin:/usr/local/sbin:/usr/sbin:/bin:/opt/puppetlabs/bin:/opt/dell/srvadmin/bin:/home/cr7998/.local/share/code-server/extensions/ms-python.debugpy-2025.14.1-linux-x64/bundled/scripts/noConfigScripts
++ export CONDA_SHLVL=2
++ CONDA_SHLVL=2
++ export 'CONDA_PROMPT_MODIFIER=(cubvision-gpu) '
++ CONDA_PROMPT_MODIFIER='(cubvision-gpu) '
++ export CONDA_EXE=/usr/licensed/anaconda3/2025.6/bin/conda
++ CONDA_EXE=/usr/licensed/anaconda3/2025.6/bin/conda
++ export CONDA_PYTHON_EXE=/usr/licensed/anaconda3/2025.6/bin/python
++ CONDA_PYTHON_EXE=/usr/licensed/anaconda3/2025.6/bin/python
++ . /home/cr7998/.conda/envs/cubvision-gpu/etc/conda/activate.d/activate.sh
+++ export __EGL_VENDOR_LIBRARY_DIRS=/home/cr7998/.conda/envs/cubvision-gpu/share/glvnd/egl_vendor.d
+++ __EGL_VENDOR_LIBRARY_DIRS=/home/cr7998/.conda/envs/cubvision-gpu/share/glvnd/egl_vendor.d
++ . /home/cr7998/.conda/envs/cubvision-gpu/etc/conda/activate.d/libglib_activate.sh
+++ export GSETTINGS_SCHEMA_DIR_CONDA_BACKUP=
+++ GSETTINGS_SCHEMA_DIR_CONDA_BACKUP=
+++ export GSETTINGS_SCHEMA_DIR=/home/cr7998/.conda/envs/cubvision-gpu/share/glib-2.0/schemas
+++ GSETTINGS_SCHEMA_DIR=/home/cr7998/.conda/envs/cubvision-gpu/share/glib-2.0/schemas
+ __conda_hashr
+ '[' -n '' ']'
+ '[' -n '' ']'
+ hash -r
+ python -m scripts.train_cbm_attributes --cub_root data/CUB_200_2011 --output_dir checkpoints_cbm --epochs_concepts 12 --epochs_labels 10 --batch_size 64 --lr_concepts 1e-3 --lr_labels 1e-3 --device cuda
[CBM] Using 109 attribute concepts
[CBM] Initializing backbone from checkpoints/resnet50_cub_best.pth
[CBM] Loaded backbone weights. Missing: []
[CBM] Unexpected: ['fc.weight', 'fc.bias']
[Concepts][1] train_loss=0.4587 val_loss=0.4344
[Concepts][2] train_loss=0.4298 val_loss=0.4248
[Concepts][3] train_loss=0.4195 val_loss=0.4205
[Concepts][4] train_loss=0.4152 val_loss=0.4393
[Concepts][5] train_loss=0.4080 val_loss=0.4207
[Concepts][6] train_loss=0.4031 val_loss=0.4209
[Concepts][7] train_loss=0.3980 val_loss=0.4310
[Concepts][8] train_loss=0.3958 val_loss=0.4209
[Concepts][9] train_loss=0.3921 val_loss=0.4272
[Concepts][10] train_loss=0.3887 val_loss=0.4214
[Concepts][11] train_loss=0.3863 val_loss=0.4214
[Concepts][12] train_loss=0.3808 val_loss=0.4211
[Labels][1] train_loss=4.7775 train_acc=0.0704 val_loss=3.6668 val_acc=0.2104
[Labels][2] train_loss=3.4104 train_acc=0.2624 val_loss=2.9667 val_acc=0.3443
[Labels][3] train_loss=2.9215 train_acc=0.3554 val_loss=2.6086 val_acc=0.4046
[Labels][4] train_loss=2.6271 train_acc=0.4082 val_loss=2.4106 val_acc=0.4386
[Labels][5] train_loss=2.4476 train_acc=0.4351 val_loss=2.2431 val_acc=0.4712
[Labels][6] train_loss=2.3353 train_acc=0.4610 val_loss=2.1645 val_acc=0.4746
[Labels][7] train_loss=2.2667 train_acc=0.4678 val_loss=2.0825 val_acc=0.4910
[Labels][8] train_loss=2.1652 train_acc=0.4917 val_loss=2.0255 val_acc=0.5088
[Labels][9] train_loss=2.1181 train_acc=0.4962 val_loss=1.9851 val_acc=0.5104
[Labels][10] train_loss=2.0620 train_acc=0.5060 val_loss=1.9328 val_acc=0.5221
[CBM] Saved fine-tuned backbone to checkpoints_cbm/resnet50_cub_cbm_backbone.pth
