+ cd /scratch/network/cr7998/cv_emergence_project
+ mkdir -p logs
+ mkdir -p checkpoints
+ mkdir -p features
+ mkdir -p results/probes
+ module load anaconda3/2025.6
+ local _mlredir=1
+ '[' -n '' ']'
+ case " $@ " in
+ '[' 1 -eq 0 ']'
+ _module_raw load anaconda3/2025.6
++ /usr/bin/tclsh /usr/share/Modules/libexec/modulecmd.tcl bash load anaconda3/2025.6
+ eval '_LMFILES_=/usr/licensed/Modules/modulefiles/anaconda3/2025.6; export _LMFILES_;
CONDA_PREFIX=/usr/licensed/anaconda3/2025.6; export CONDA_PREFIX;
LOADEDMODULES=anaconda3/2025.6; export LOADEDMODULES;
_CE_CONDA=; export _CE_CONDA;
_CE_M=; export _CE_M;
CONDA_EXE=/usr/licensed/anaconda3/2025.6/bin/conda; export CONDA_EXE;
QT_XCB_GL_INTEGRATION=none; export QT_XCB_GL_INTEGRATION;
CONDA_PYTHON_EXE=/usr/licensed/anaconda3/2025.6/bin/python; export CONDA_PYTHON_EXE;
CONDA_DEFAULT_ENV=base; export CONDA_DEFAULT_ENV;
CONDA_PROMPT_MODIFIER=\(base\)\ ; export CONDA_PROMPT_MODIFIER;
PATH=/usr/licensed/anaconda3/2025.6/bin:/usr/licensed/anaconda3/2025.6/condabin:/home/cr7998/.local/bin:/home/cr7998/bin:/usr/share/Modules/bin:/usr/local/bin:/usr/bin:/usr/local/sbin:/usr/sbin:/bin:/opt/puppetlabs/bin:/opt/dell/srvadmin/bin; export PATH;
CONDA_SHLVL=1; export CONDA_SHLVL;
__MODULES_LMREFRESH=anaconda3/2025.6; export __MODULES_LMREFRESH;
GSETTINGS_SCHEMA_DIR=/usr/licensed/anaconda3/2025.6/share/glib-2.0/schemas; export GSETTINGS_SCHEMA_DIR;
__conda_hashr () { if [ -n "${ZSH_VERSION:+x}" ]; then
        \rehash
    elif [ -n "${POSH_VERSION:+x}" ]; then
        :  # pass
    else
        \hash -r
    fi; }; export -f __conda_hashr;
__conda_exe () { ( "$CONDA_EXE" $_CE_M $_CE_CONDA "$@" ); }; export -f __conda_exe;
conda () { \local cmd="${1-__missing__}";
    case "$cmd" in
        activate|deactivate)
            __conda_activate "$@";
            ;;
        install|update|upgrade|remove|uninstall)
            __conda_exe "$@" || \return;
            __conda_activate reactivate;
            ;;
        *)
             __conda_exe "$@";
            ;;
    esac; }; export -f conda;
__conda_reactivate () { echo "'\''__conda_reactivate'\'' is deprecated and will be removed in 25.9. Use '\''__conda_activate reactivate'\'' instead." 1>&2;
    __conda_activate reactivate; }; export -f __conda_reactivate;
__conda_activate () { if [ -n "${CONDA_PS1_BACKUP:+x}" ]; then
        # Handle transition from shell activated with conda <= 4.3 to a subsequent activation
        # after conda updated to >= 4.4. See issue #6173.
        PS1="$CONDA_PS1_BACKUP"
        \unset CONDA_PS1_BACKUP
    fi

    \local ask_conda
    ask_conda="$(PS1="${PS1:-}" __conda_exe shell.posix "$@")" || \return;
    \eval "$ask_conda"
    __conda_hashr; }; export -f __conda_activate;
export _LOCAL_OLD_PS1="${PS1}"
export PS1="(base) ${PS1}"
test 0;'
++ _LMFILES_=/usr/licensed/Modules/modulefiles/anaconda3/2025.6
++ export _LMFILES_
++ CONDA_PREFIX=/usr/licensed/anaconda3/2025.6
++ export CONDA_PREFIX
++ LOADEDMODULES=anaconda3/2025.6
++ export LOADEDMODULES
++ _CE_CONDA=
++ export _CE_CONDA
++ _CE_M=
++ export _CE_M
++ CONDA_EXE=/usr/licensed/anaconda3/2025.6/bin/conda
++ export CONDA_EXE
++ QT_XCB_GL_INTEGRATION=none
++ export QT_XCB_GL_INTEGRATION
++ CONDA_PYTHON_EXE=/usr/licensed/anaconda3/2025.6/bin/python
++ export CONDA_PYTHON_EXE
++ CONDA_DEFAULT_ENV=base
++ export CONDA_DEFAULT_ENV
++ CONDA_PROMPT_MODIFIER='(base) '
++ export CONDA_PROMPT_MODIFIER
++ PATH=/usr/licensed/anaconda3/2025.6/bin:/usr/licensed/anaconda3/2025.6/condabin:/home/cr7998/.local/bin:/home/cr7998/bin:/usr/share/Modules/bin:/usr/local/bin:/usr/bin:/usr/local/sbin:/usr/sbin:/bin:/opt/puppetlabs/bin:/opt/dell/srvadmin/bin
++ export PATH
++ CONDA_SHLVL=1
++ export CONDA_SHLVL
++ __MODULES_LMREFRESH=anaconda3/2025.6
++ export __MODULES_LMREFRESH
++ GSETTINGS_SCHEMA_DIR=/usr/licensed/anaconda3/2025.6/share/glib-2.0/schemas
++ export GSETTINGS_SCHEMA_DIR
++ export -f __conda_hashr
++ export -f __conda_exe
++ export -f conda
++ export -f __conda_reactivate
++ export -f __conda_activate
++ export _LOCAL_OLD_PS1=
++ _LOCAL_OLD_PS1=
++ export 'PS1=(base) '
++ PS1='(base) '
++ test 0
+ _mlstatus=0
+ return 0
+ conda activate cubvision-gpu
+ local cmd=activate
+ case "$cmd" in
+ __conda_activate activate cubvision-gpu
+ '[' -n '' ']'
+ local ask_conda
++ PS1='(base) '
++ __conda_exe shell.posix activate cubvision-gpu
++ /usr/licensed/anaconda3/2025.6/bin/conda shell.posix activate cubvision-gpu
+ ask_conda='. "/usr/licensed/anaconda3/2025.6/etc/conda/deactivate.d/qt-main_deactivate.sh"
. "/usr/licensed/anaconda3/2025.6/etc/conda/deactivate.d/libglib_deactivate.sh"
unset _CE_M
unset _CE_CONDA
PS1='\''(cubvision-gpu) '\''
export PATH='\''/home/cr7998/.conda/envs/cubvision-gpu/bin:/usr/licensed/anaconda3/2025.6/condabin:/home/cr7998/.local/bin:/home/cr7998/bin:/usr/share/Modules/bin:/usr/local/bin:/usr/bin:/usr/local/sbin:/usr/sbin:/bin:/opt/puppetlabs/bin:/opt/dell/srvadmin/bin'\''
export CONDA_PREFIX='\''/home/cr7998/.conda/envs/cubvision-gpu'\''
export CONDA_SHLVL='\''2'\''
export CONDA_DEFAULT_ENV='\''cubvision-gpu'\''
export CONDA_PROMPT_MODIFIER='\''(cubvision-gpu) '\''
export CONDA_PREFIX_1='\''/usr/licensed/anaconda3/2025.6'\''
export CONDA_EXE='\''/usr/licensed/anaconda3/2025.6/bin/conda'\''
export CONDA_PYTHON_EXE='\''/usr/licensed/anaconda3/2025.6/bin/python'\''
. "/home/cr7998/.conda/envs/cubvision-gpu/etc/conda/activate.d/libglib_activate.sh"'
+ eval '. "/usr/licensed/anaconda3/2025.6/etc/conda/deactivate.d/qt-main_deactivate.sh"
. "/usr/licensed/anaconda3/2025.6/etc/conda/deactivate.d/libglib_deactivate.sh"
unset _CE_M
unset _CE_CONDA
PS1='\''(cubvision-gpu) '\''
export PATH='\''/home/cr7998/.conda/envs/cubvision-gpu/bin:/usr/licensed/anaconda3/2025.6/condabin:/home/cr7998/.local/bin:/home/cr7998/bin:/usr/share/Modules/bin:/usr/local/bin:/usr/bin:/usr/local/sbin:/usr/sbin:/bin:/opt/puppetlabs/bin:/opt/dell/srvadmin/bin'\''
export CONDA_PREFIX='\''/home/cr7998/.conda/envs/cubvision-gpu'\''
export CONDA_SHLVL='\''2'\''
export CONDA_DEFAULT_ENV='\''cubvision-gpu'\''
export CONDA_PROMPT_MODIFIER='\''(cubvision-gpu) '\''
export CONDA_PREFIX_1='\''/usr/licensed/anaconda3/2025.6'\''
export CONDA_EXE='\''/usr/licensed/anaconda3/2025.6/bin/conda'\''
export CONDA_PYTHON_EXE='\''/usr/licensed/anaconda3/2025.6/bin/python'\''
. "/home/cr7998/.conda/envs/cubvision-gpu/etc/conda/activate.d/libglib_activate.sh"'
++ . /usr/licensed/anaconda3/2025.6/etc/conda/deactivate.d/qt-main_deactivate.sh
+++ '[' '' ']'
+++ unset QT_XCB_GL_INTEGRATION
+++ unset CONDA_BACKUP_QT_XCB_GL_INTEGRATION
++ . /usr/licensed/anaconda3/2025.6/etc/conda/deactivate.d/libglib_deactivate.sh
+++ export GSETTINGS_SCHEMA_DIR=
+++ GSETTINGS_SCHEMA_DIR=
+++ unset GSETTINGS_SCHEMA_DIR_CONDA_BACKUP
+++ '[' -z ']'
+++ unset GSETTINGS_SCHEMA_DIR
++ unset _CE_M
++ unset _CE_CONDA
++ PS1='(cubvision-gpu) '
++ export PATH=/home/cr7998/.conda/envs/cubvision-gpu/bin:/usr/licensed/anaconda3/2025.6/condabin:/home/cr7998/.local/bin:/home/cr7998/bin:/usr/share/Modules/bin:/usr/local/bin:/usr/bin:/usr/local/sbin:/usr/sbin:/bin:/opt/puppetlabs/bin:/opt/dell/srvadmin/bin
++ PATH=/home/cr7998/.conda/envs/cubvision-gpu/bin:/usr/licensed/anaconda3/2025.6/condabin:/home/cr7998/.local/bin:/home/cr7998/bin:/usr/share/Modules/bin:/usr/local/bin:/usr/bin:/usr/local/sbin:/usr/sbin:/bin:/opt/puppetlabs/bin:/opt/dell/srvadmin/bin
++ export CONDA_PREFIX=/home/cr7998/.conda/envs/cubvision-gpu
++ CONDA_PREFIX=/home/cr7998/.conda/envs/cubvision-gpu
++ export CONDA_SHLVL=2
++ CONDA_SHLVL=2
++ export CONDA_DEFAULT_ENV=cubvision-gpu
++ CONDA_DEFAULT_ENV=cubvision-gpu
++ export 'CONDA_PROMPT_MODIFIER=(cubvision-gpu) '
++ CONDA_PROMPT_MODIFIER='(cubvision-gpu) '
++ export CONDA_PREFIX_1=/usr/licensed/anaconda3/2025.6
++ CONDA_PREFIX_1=/usr/licensed/anaconda3/2025.6
++ export CONDA_EXE=/usr/licensed/anaconda3/2025.6/bin/conda
++ CONDA_EXE=/usr/licensed/anaconda3/2025.6/bin/conda
++ export CONDA_PYTHON_EXE=/usr/licensed/anaconda3/2025.6/bin/python
++ CONDA_PYTHON_EXE=/usr/licensed/anaconda3/2025.6/bin/python
++ . /home/cr7998/.conda/envs/cubvision-gpu/etc/conda/activate.d/libglib_activate.sh
+++ export GSETTINGS_SCHEMA_DIR_CONDA_BACKUP=
+++ GSETTINGS_SCHEMA_DIR_CONDA_BACKUP=
+++ export GSETTINGS_SCHEMA_DIR=/home/cr7998/.conda/envs/cubvision-gpu/share/glib-2.0/schemas
+++ GSETTINGS_SCHEMA_DIR=/home/cr7998/.conda/envs/cubvision-gpu/share/glib-2.0/schemas
+ __conda_hashr
+ '[' -n '' ']'
+ '[' -n '' ']'
+ hash -r
+ python scripts/train_resnet.py --cub_root data/CUB_200_2011 --arch resnet50 --batch_size 64 --epochs 100 --lr 0.0005 --weight_decay 1e-4 --out_ckpt checkpoints/resnet50_cub_best.pth
